[html.modernwebtemplates.com/nafta/index.html]
[backblue.gif]
[fade.gif]
[index.html]
[html.modernwebtemplates.com/nafta/css/bootstrap.min.css]
[html.modernwebtemplates.com/nafta/css/animations.css]
[html.modernwebtemplates.com/nafta/css/font-awesome5.css]
[html.modernwebtemplates.com/nafta/css/icomoon.css]
[html.modernwebtemplates.com/nafta/css/main.css]
[html.modernwebtemplates.com/nafta/css/shop.css]
[html.modernwebtemplates.com/nafta/js/vendor/modernizr-2.6.2.min.js]
[html.modernwebtemplates.com/nafta/blog-@@type.html]
[html.modernwebtemplates.com/nafta/blog-single-@@type.html]
[html.modernwebtemplates.com/nafta/images/logo.png]
[html.modernwebtemplates.com/nafta/index-2.html]
[html.modernwebtemplates.com/nafta/index_singlepage.html]
[html.modernwebtemplates.com/nafta/about.html]
[html.modernwebtemplates.com/nafta/our-history.html]
[html.modernwebtemplates.com/nafta/pricing.html]
[html.modernwebtemplates.com/nafta/partners.html]
[html.modernwebtemplates.com/nafta/comingsoon.html]
[html.modernwebtemplates.com/nafta/careers.html]
[html.modernwebtemplates.com/nafta/shortcodes_iconbox.html]
[html.modernwebtemplates.com/nafta/shortcodes_typography.html]
[html.modernwebtemplates.com/nafta/shortcodes_buttons.html]
[html.modernwebtemplates.com/nafta/shortcodes_pricing.html]
[html.modernwebtemplates.com/nafta/shortcodes_progress.html]
[html.modernwebtemplates.com/nafta/shortcodes_tabs.html]
[html.modernwebtemplates.com/nafta/shortcodes_bootstrap.html]
[html.modernwebtemplates.com/nafta/shortcodes_animation.html]
[html.modernwebtemplates.com/nafta/shortcodes_widgets_default.html]
[html.modernwebtemplates.com/nafta/shortcodes_widgets_shop.html]
[html.modernwebtemplates.com/nafta/shortcodes_widgets_custom.html]
[html.modernwebtemplates.com/nafta/services.html]
[html.modernwebtemplates.com/nafta/services2.html]
[html.modernwebtemplates.com/nafta/service-single.html]
[html.modernwebtemplates.com/nafta/service-single2.html]
[html.modernwebtemplates.com/nafta/gallery-image.html]
[html.modernwebtemplates.com/nafta/gallery-image-2-cols.html]
[html.modernwebtemplates.com/nafta/gallery-image-4-cols-fullwidth.html]
[html.modernwebtemplates.com/nafta/gallery-title.html]
[html.modernwebtemplates.com/nafta/gallery-title-2-cols.html]
[html.modernwebtemplates.com/nafta/gallery-title-4-cols-fullwidth.html]
[html.modernwebtemplates.com/nafta/gallery-excerpt.html]
[html.modernwebtemplates.com/nafta/gallery-excerpt-2-cols.html]
[html.modernwebtemplates.com/nafta/gallery-excerpt-4-cols-fullwidth.html]
[html.modernwebtemplates.com/nafta/gallery-single.html]
[html.modernwebtemplates.com/nafta/gallery-single2.html]
[html.modernwebtemplates.com/nafta/team.html]
[html.modernwebtemplates.com/nafta/team-single.html]
[html.modernwebtemplates.com/nafta/faq.html]
[html.modernwebtemplates.com/nafta/faq2.html]
[html.modernwebtemplates.com/nafta/404.html]
[html.modernwebtemplates.com/nafta/header1.html]
[html.modernwebtemplates.com/nafta/header2.html]
[html.modernwebtemplates.com/nafta/header3.html]
[html.modernwebtemplates.com/nafta/header4.html]
[html.modernwebtemplates.com/nafta/header5.html]
[html.modernwebtemplates.com/nafta/header6.html]
[html.modernwebtemplates.com/nafta/header-side.html]
[html.modernwebtemplates.com/nafta/header-side-right.html]
[html.modernwebtemplates.com/nafta/header-side-slide.html]
[html.modernwebtemplates.com/nafta/header-side-slide-right.html]
[html.modernwebtemplates.com/nafta/header-side-sticked.html]
[html.modernwebtemplates.com/nafta/header-side-sticked-right.html]
[html.modernwebtemplates.com/nafta/title1.html]
[html.modernwebtemplates.com/nafta/title2.html]
[html.modernwebtemplates.com/nafta/title3.html]
[html.modernwebtemplates.com/nafta/title4.html]
[html.modernwebtemplates.com/nafta/title5.html]
[html.modernwebtemplates.com/nafta/title6.html]
[html.modernwebtemplates.com/nafta/footer1.html]
[html.modernwebtemplates.com/nafta/footer2.html]
[html.modernwebtemplates.com/nafta/footer3.html]
[html.modernwebtemplates.com/nafta/footer4.html]
[html.modernwebtemplates.com/nafta/footer5.html]
[html.modernwebtemplates.com/nafta/footer6.html]
[html.modernwebtemplates.com/nafta/copyright1.html]
[html.modernwebtemplates.com/nafta/copyright2.html]
[html.modernwebtemplates.com/nafta/copyright3.html]
[html.modernwebtemplates.com/nafta/copyright4.html]
[html.modernwebtemplates.com/nafta/copyright5.html]
[html.modernwebtemplates.com/nafta/copyright6.html]
[html.modernwebtemplates.com/nafta/blog-right.html]
[html.modernwebtemplates.com/nafta/blog-left.html]
[html.modernwebtemplates.com/nafta/blog-full.html]
[html.modernwebtemplates.com/nafta/blog-single-right.html]
[html.modernwebtemplates.com/nafta/blog-single-left.html]
[html.modernwebtemplates.com/nafta/blog-single-full.html]
[html.modernwebtemplates.com/nafta/shop-right.html]
[html.modernwebtemplates.com/nafta/shop-account-dashboard.html]
[html.modernwebtemplates.com/nafta/shop-account-details.html]
[html.modernwebtemplates.com/nafta/shop-account-addresses.html]
[html.modernwebtemplates.com/nafta/shop-account-address-edit.html]
[html.modernwebtemplates.com/nafta/shop-account-orders.html]
[html.modernwebtemplates.com/nafta/shop-account-order-single.html]
[html.modernwebtemplates.com/nafta/shop-account-downloads.html]
[html.modernwebtemplates.com/nafta/shop-account-password-reset.html]
[html.modernwebtemplates.com/nafta/shop-account-login.html]
[html.modernwebtemplates.com/nafta/shop-full.html]
[html.modernwebtemplates.com/nafta/shop-left.html]
[html.modernwebtemplates.com/nafta/shop-product-right.html]
[html.modernwebtemplates.com/nafta/shop-product-left.html]
[html.modernwebtemplates.com/nafta/shop-cart.html]
[html.modernwebtemplates.com/nafta/shop-checkout.html]
[html.modernwebtemplates.com/nafta/shop-order-received.html]
[html.modernwebtemplates.com/nafta/contact.html]
[html.modernwebtemplates.com/nafta/contact2.html]
[html.modernwebtemplates.com/nafta/contact3.html]
[html.modernwebtemplates.com/nafta/contact4.html]
[html.modernwebtemplates.com/nafta/images/slide01.jpg]
[html.modernwebtemplates.com/nafta/images/slide02.jpg]
[html.modernwebtemplates.com/nafta/images/slide03.jpg]
[html.modernwebtemplates.com/nafta/images/team/testimonial2.jpg]
[html.modernwebtemplates.com/nafta/images/signature.png]
[html.modernwebtemplates.com/nafta/images/services/service1.jpg]
[html.modernwebtemplates.com/nafta/images/services/service2.jpg]
[html.modernwebtemplates.com/nafta/images/services/service3.jpg]
[html.modernwebtemplates.com/nafta/images/gallery/full/01.jpg]
[html.modernwebtemplates.com/nafta/images/gallery/full/02.jpg]
[html.modernwebtemplates.com/nafta/images/gallery/full/03.jpg]
[html.modernwebtemplates.com/nafta/images/gallery/full/04.jpg]
[html.modernwebtemplates.com/nafta/images/gallery/full/05.jpg]
[html.modernwebtemplates.com/nafta/images/gallery/full/06.jpg]
[html.modernwebtemplates.com/nafta/images/partners/01.png]
[html.modernwebtemplates.com/nafta/images/partners/02.png]
[html.modernwebtemplates.com/nafta/images/partners/03.png]
[html.modernwebtemplates.com/nafta/images/partners/04.png]
[html.modernwebtemplates.com/nafta/images/partners/05.png]
[html.modernwebtemplates.com/nafta/images/partners/06.png]
[html.modernwebtemplates.com/nafta/images/partners/07.png]
[html.modernwebtemplates.com/nafta/images/partners/08.png]
[html.modernwebtemplates.com/nafta/images/partners/09.png]
[html.modernwebtemplates.com/nafta/images/team/01.png]
[html.modernwebtemplates.com/nafta/images/team/02.png]
[html.modernwebtemplates.com/nafta/images/team/03.png]
[html.modernwebtemplates.com/nafta/images/team/04.png]
[html.modernwebtemplates.com/nafta/images/team/05.png]
[html.modernwebtemplates.com/nafta/images/team/06.png]
[html.modernwebtemplates.com/nafta/images/blog/01.jpg]
[html.modernwebtemplates.com/nafta/images/blog/square/02.jpg]
[html.modernwebtemplates.com/nafta/images/blog/square/03.jpg]
[html.modernwebtemplates.com/cdn-cgi/scripts/5c5dd728/cloudflare-static/email-decode.min.js]
[html.modernwebtemplates.com/nafta/js/compressed.js]
[html.modernwebtemplates.com/nafta/js/main.js]
[html.modernwebtemplates.com/nafta/js/switcher.js]
[html.modernwebtemplates.com/nafta/index.html]
[html.modernwebtemplates.com/nafta/css/bootstrap.min.css]
[html.modernwebtemplates.com/nafta/css/animations.css]
[html.modernwebtemplates.com/nafta/fonts/fa-brands-400.eot]
[html.modernwebtemplates.com/nafta/fonts/fa-brands-400d41d.eot]
[html.modernwebtemplates.com/nafta/fonts/fa-brands-400.woff2]
[html.modernwebtemplates.com/nafta/fonts/fa-brands-400.woff]
[html.modernwebtemplates.com/nafta/fonts/fa-brands-400.ttf]
[html.modernwebtemplates.com/nafta/fonts/fa-brands-400.svg]
[html.modernwebtemplates.com/nafta/fonts/fa-regular-400.eot]
[html.modernwebtemplates.com/nafta/fonts/fa-regular-400d41d.eot]
[html.modernwebtemplates.com/nafta/fonts/fa-regular-400.woff2]
[html.modernwebtemplates.com/nafta/fonts/fa-regular-400.woff]
[html.modernwebtemplates.com/nafta/fonts/fa-regular-400.ttf]
[html.modernwebtemplates.com/nafta/fonts/fa-regular-400.svg]
[html.modernwebtemplates.com/nafta/fonts/fa-solid-900.eot]
[html.modernwebtemplates.com/nafta/fonts/fa-solid-900d41d.eot]
[html.modernwebtemplates.com/nafta/fonts/fa-solid-900.woff2]
[html.modernwebtemplates.com/nafta/fonts/fa-solid-900.woff]
[html.modernwebtemplates.com/nafta/fonts/fa-solid-900.ttf]
[html.modernwebtemplates.com/nafta/css/font-awesome5.css]
[html.modernwebtemplates.com/nafta/fonts/fa-solid-900.svg]
[html.modernwebtemplates.com/nafta/fonts/icomoon/icomoon66ba.eot]
[html.modernwebtemplates.com/nafta/fonts/icomoon/icomoon66ba.ttf]
[html.modernwebtemplates.com/nafta/fonts/icomoon/icomoon66ba.woff]
[html.modernwebtemplates.com/nafta/css/icomoon.css]
[html.modernwebtemplates.com/nafta/fonts/icomoon/icomoon66ba.svg]
[html.modernwebtemplates.com/nafta/img/quote.png]
[html.modernwebtemplates.com/nafta/img/select-arrow.png]
[html.modernwebtemplates.com/nafta/img/owl.video.play.png]
[html.modernwebtemplates.com/nafta/img/photoswipe/default-skin.png]
[html.modernwebtemplates.com/nafta/img/photoswipe/default-skin.svg]
[html.modernwebtemplates.com/nafta/img/photoswipe/preloader.gif]
[html.modernwebtemplates.com/nafta/img/background-texture-cover.jpg]
[html.modernwebtemplates.com/nafta/img/patterns/pattern0.png]
[html.modernwebtemplates.com/nafta/img/preloader.gif]
[html.modernwebtemplates.com/nafta/img/patterns/pattern1.png]
[html.modernwebtemplates.com/nafta/img/patterns/pattern2.png]
[html.modernwebtemplates.com/nafta/img/patterns/pattern3.png]
[html.modernwebtemplates.com/nafta/img/patterns/pattern4.png]
[html.modernwebtemplates.com/nafta/img/patterns/pattern6.png]
[html.modernwebtemplates.com/nafta/img/patterns/pattern7.png]
[html.modernwebtemplates.com/nafta/img/patterns/pattern8.png]
[html.modernwebtemplates.com/nafta/img/patterns/pattern9.png]
[html.modernwebtemplates.com/nafta/img/patterns/pattern10.png]
[html.modernwebtemplates.com/nafta/img/patterns/pattern11.png]
[html.modernwebtemplates.com/nafta/img/parallax/map-dark.jpg]
[html.modernwebtemplates.com/nafta/img/parallax/map-light.jpg]
[html.modernwebtemplates.com/nafta/img/parallax/light-abstract.jpg]
[html.modernwebtemplates.com/nafta/img/parallax/light-wood.jpg]
[html.modernwebtemplates.com/nafta/img/dots-vertical.png]
[html.modernwebtemplates.com/nafta/images/parallax/video_section_background.jpg]
[html.modernwebtemplates.com/nafta/images/testimonials-bg.jpg]
[html.modernwebtemplates.com/nafta/images/title_bg.jpg]
[html.modernwebtemplates.com/nafta/images/portfolio-bg.jpg]
[html.modernwebtemplates.com/nafta/images/main-testimonial-bg.jpg]
[html.modernwebtemplates.com/nafta/images/comingsoon-bg.jpg]
[html.modernwebtemplates.com/nafta/images/careers-bg.jpg]
[html.modernwebtemplates.com/nafta/css/main.css]
[html.modernwebtemplates.com/nafta/css/shop.css]
[html.modernwebtemplates.com/nafta/blog-@@type.html]
[html.modernwebtemplates.com/nafta/blog-single-@@type.html]
[html.modernwebtemplates.com/nafta/index-2.html]
[html.modernwebtemplates.com/nafta/index_singlepage.html]
[html.modernwebtemplates.com/nafta/images/gallery/square/01.jpg]
[html.modernwebtemplates.com/nafta/images/gallery/square/02.jpg]
[html.modernwebtemplates.com/nafta/images/gallery/square/03.jpg]
[html.modernwebtemplates.com/nafta/images/gallery/square/04.jpg]
[html.modernwebtemplates.com/nafta/about.html]
[html.modernwebtemplates.com/nafta/images/steps/01.jpg]
[html.modernwebtemplates.com/nafta/images/steps/02.jpg]
[html.modernwebtemplates.com/nafta/images/steps/03.jpg]
[html.modernwebtemplates.com/nafta/images/steps/04.jpg]
[html.modernwebtemplates.com/nafta/images/steps/05.jpg]
[html.modernwebtemplates.com/nafta/our-history.html]
[html.modernwebtemplates.com/nafta/pricing.html]
[html.modernwebtemplates.com/nafta/partners.html]
[html.modernwebtemplates.com/nafta/comingsoon.html]
[html.modernwebtemplates.com/nafta/careers.html]
[html.modernwebtemplates.com/nafta/shortcodes_iconbox.html]
[html.modernwebtemplates.com/nafta/shortcodes_typography.html]
[html.modernwebtemplates.com/nafta/shortcodes_buttons.html]
[html.modernwebtemplates.com/nafta/shortcodes_pricing.html]
[html.modernwebtemplates.com/nafta/shortcodes_progress.html]
[html.modernwebtemplates.com/nafta/shortcodes_tabs.html]
[html.modernwebtemplates.com/nafta/images/team/02.jpg]
[html.modernwebtemplates.com/nafta/images/team/03.jpg]
[html.modernwebtemplates.com/nafta/images/team/04.jpg]
[html.modernwebtemplates.com/nafta/shortcodes_bootstrap.html]
[html.modernwebtemplates.com/nafta/shortcodes_animation.html]
[html.modernwebtemplates.com/nafta/shortcodes_widgets_default.html]
[html.modernwebtemplates.com/nafta/gallery-regular.html]
[html.modernwebtemplates.com/nafta/images/shop/26.jpg]
[html.modernwebtemplates.com/nafta/images/shop/01.jpg]
[html.modernwebtemplates.com/nafta/images/shop/02.jpg]
[html.modernwebtemplates.com/nafta/images/shop/03.jpg]
[html.modernwebtemplates.com/nafta/images/shop/04.jpg]
[html.modernwebtemplates.com/nafta/images/shop/05.jpg]
[html.modernwebtemplates.com/nafta/images/shop/06.jpg]
[html.modernwebtemplates.com/nafta/shortcodes_widgets_shop.html]
[html.modernwebtemplates.com/nafta/shortcodes_widgets_custom.html]
[html.modernwebtemplates.com/nafta/services.html]
[html.modernwebtemplates.com/nafta/services2.html]
[html.modernwebtemplates.com/nafta/images/services/service-single2.jpg]
[html.modernwebtemplates.com/nafta/service-single.html]
[html.modernwebtemplates.com/nafta/images/services/service-single3.jpg]
[html.modernwebtemplates.com/nafta/images/services/service-single4.jpg]
[html.modernwebtemplates.com/nafta/images/services/service-single5.jpg]
[html.modernwebtemplates.com/nafta/images/services/service-single6.jpg]
[html.modernwebtemplates.com/nafta/images/services/service-single7.jpg]
[html.modernwebtemplates.com/nafta/service-single2.html]
[html.modernwebtemplates.com/nafta/images/gallery/full/07.jpg]
[html.modernwebtemplates.com/nafta/images/gallery/full/08.jpg]
[html.modernwebtemplates.com/nafta/images/gallery/full/09.jpg]
[html.modernwebtemplates.com/nafta/gallery-image.html]
[html.modernwebtemplates.com/nafta/gallery-image-2-cols.html]
[html.modernwebtemplates.com/nafta/gallery-image-4-cols-fullwidth.html]
[html.modernwebtemplates.com/nafta/gallery-title.html]
[html.modernwebtemplates.com/nafta/gallery-title-2-cols.html]
[html.modernwebtemplates.com/nafta/gallery-title-4-cols-fullwidth.html]
[html.modernwebtemplates.com/nafta/gallery-excerpt.html]
[html.modernwebtemplates.com/nafta/gallery-excerpt-2-cols.html]
[html.modernwebtemplates.com/nafta/gallery-excerpt-4-cols-fullwidth.html]
[html.modernwebtemplates.com/nafta/gallery-single.html]
[html.modernwebtemplates.com/nafta/gallery-single2.html]
[html.modernwebtemplates.com/nafta/images/team/testimonial1.jpg]
[html.modernwebtemplates.com/nafta/images/team/testimonial3.jpg]
[html.modernwebtemplates.com/nafta/team.html]
[html.modernwebtemplates.com/nafta/images/team/team-single.jpg]
[html.modernwebtemplates.com/nafta/team-single.html]
[html.modernwebtemplates.com/nafta/faq.html]
[html.modernwebtemplates.com/nafta/faq2.html]
[html.modernwebtemplates.com/nafta/img/404.png]
[html.modernwebtemplates.com/nafta/404.html]
[html.modernwebtemplates.com/nafta/header1.html]
[html.modernwebtemplates.com/nafta/header2.html]
[html.modernwebtemplates.com/nafta/header3.html]
[html.modernwebtemplates.com/nafta/header4.html]
[html.modernwebtemplates.com/nafta/images/flags/us.gif]
[html.modernwebtemplates.com/nafta/images/flags/de.gif]
[html.modernwebtemplates.com/nafta/images/flags/fr.gif]
[html.modernwebtemplates.com/nafta/images/flags/it.gif]
[html.modernwebtemplates.com/nafta/header5.html]
[html.modernwebtemplates.com/nafta/images/toplogo-image.jpg]
[html.modernwebtemplates.com/nafta/header6.html]
[html.modernwebtemplates.com/nafta/header-side.html]
[html.modernwebtemplates.com/nafta/header-side-right.html]
[html.modernwebtemplates.com/nafta/header-side-slide.html]
[html.modernwebtemplates.com/nafta/header-side-slide-right.html]
[html.modernwebtemplates.com/nafta/header-side-sticked.html]
[html.modernwebtemplates.com/nafta/header-side-sticked-right.html]
[html.modernwebtemplates.com/nafta/title1.html]
[html.modernwebtemplates.com/nafta/title2.html]
[html.modernwebtemplates.com/nafta/title3.html]
[html.modernwebtemplates.com/nafta/title4.html]
[html.modernwebtemplates.com/nafta/title5.html]
[html.modernwebtemplates.com/nafta/title6.html]
[html.modernwebtemplates.com/nafta/footer1.html]
[html.modernwebtemplates.com/nafta/footer2.html]
[html.modernwebtemplates.com/nafta/footer3.html]
[html.modernwebtemplates.com/nafta/footer4.html]
[html.modernwebtemplates.com/nafta/footer5.html]
[html.modernwebtemplates.com/nafta/footer6.html]
[html.modernwebtemplates.com/nafta/copyright1.html]
[html.modernwebtemplates.com/nafta/copyright2.html]
[html.modernwebtemplates.com/nafta/copyright3.html]
[html.modernwebtemplates.com/nafta/copyright4.html]
[html.modernwebtemplates.com/nafta/copyright5.html]
[html.modernwebtemplates.com/nafta/copyright6.html]
[html.modernwebtemplates.com/nafta/images/blog/02.jpg]
[html.modernwebtemplates.com/nafta/images/blog/03.jpg]
[html.modernwebtemplates.com/nafta/images/blog/04.jpg]
[html.modernwebtemplates.com/nafta/images/blog/05.jpg]
[html.modernwebtemplates.com/nafta/images/blog/06.jpg]
[html.modernwebtemplates.com/nafta/blog-right.html]
[html.modernwebtemplates.com/nafta/blog-left.html]
[html.modernwebtemplates.com/nafta/blog-full.html]
[html.modernwebtemplates.com/nafta/blog-single-right.html]
[html.modernwebtemplates.com/nafta/blog-single-left.html]
[html.modernwebtemplates.com/nafta/blog-single-full.html]
[html.modernwebtemplates.com/nafta/cart.html]
[html.modernwebtemplates.com/nafta/images/shop/07.jpg]
[html.modernwebtemplates.com/nafta/images/shop/08.jpg]
[html.modernwebtemplates.com/nafta/images/shop/09.jpg]
[html.modernwebtemplates.com/nafta/images/shop/10.jpg]
[html.modernwebtemplates.com/nafta/images/shop/11.jpg]
[html.modernwebtemplates.com/nafta/images/shop/12.jpg]
[html.modernwebtemplates.com/nafta/shop-right.html]
[html.modernwebtemplates.com/nafta/shop-account-dashboard.html]
[html.modernwebtemplates.com/nafta/shop-account-details.html]
[html.modernwebtemplates.com/nafta/shop-account-addresses.html]
[html.modernwebtemplates.com/nafta/shop-account-address-edit.html]
[html.modernwebtemplates.com/nafta/shop-account-orders.html]
[html.modernwebtemplates.com/nafta/shop-account-order-single.html]
[html.modernwebtemplates.com/nafta/shop-account-downloads.html]
[html.modernwebtemplates.com/nafta/shop-account-password-reset.html]
[html.modernwebtemplates.com/nafta/shop-account-login.html]
[html.modernwebtemplates.com/nafta/shop-account-address.html]
[html.modernwebtemplates.com/nafta/shop-full.html]
[html.modernwebtemplates.com/nafta/shop-left.html]
[html.modernwebtemplates.com/nafta/shop-product-right.html]
[html.modernwebtemplates.com/nafta/shop-product-left.html]
[html.modernwebtemplates.com/nafta/shop-@@type.html]
[html.modernwebtemplates.com/nafta/shop-cart.html]
[html.modernwebtemplates.com/nafta/shop-checkout.html]
[html.modernwebtemplates.com/nafta/shop-order-received.html]
[html.modernwebtemplates.com/nafta/shop-product-@@type.html]
[html.modernwebtemplates.com/nafta/images/map_marker_icon.png]
[html.modernwebtemplates.com/nafta/contact.html]
[html.modernwebtemplates.com/nafta/contact2.html]
[html.modernwebtemplates.com/nafta/images/map_marker_icon2.png]
[html.modernwebtemplates.com/nafta/images/map_marker_icon3.png]
[html.modernwebtemplates.com/nafta/images/map_marker_icon4.png]
[html.modernwebtemplates.com/nafta/contact3.html]
[html.modernwebtemplates.com/nafta/contact4.html]
[html.modernwebtemplates.com/nafta/fonts/fa-brands-400.svg]
[html.modernwebtemplates.com/nafta/fonts/fa-regular-400.svg]
[html.modernwebtemplates.com/nafta/fonts/fa-solid-900.svg]
[html.modernwebtemplates.com/nafta/fonts/icomoon/icomoon66ba.svg]
[html.modernwebtemplates.com/nafta/img/photoswipe/default-skin.svg]
[html.modernwebtemplates.com/nafta/gallery-regular.html]
[html.modernwebtemplates.com/nafta/cart.html]
[html.modernwebtemplates.com/nafta/shop-account-address.html]
[html.modernwebtemplates.com/nafta/shop-@@type.html]
[html.modernwebtemplates.com/nafta/shop-product-@@type.html]
